// Jest Snapshot v1, https://goo.gl/fbAQLP

exports[`Pruebas en el SearchScreen debe de mostrarse correctamente con valores por defecto  1`] = `
<div>
  <h1>
     Search Screen 
  </h1>
  <hr />
  <div
    className="row"
  >
    <div
      className="col-4"
    >
      <h4>
         Search Form 
      </h4>
      <hr />
      <form
        onSubmit={[Function]}
      >
        <input
          autoComplete="off"
          className="form-control"
          name="searchText"
          onChange={[Function]}
          placeholder="Find your hero"
          type="text"
          value=""
        />
        <button
          className="btn m-1 btn-block btn-outline-primary"
          onClick={[Function]}
          type="submit"
        >
          Search...
        </button>
      </form>
    </div>
    <div
      className="col-8"
    >
      <h4>
         Results 
      </h4>
      <hr />
      <div
        className="alert alert-info"
      >
        Search a hero
      </div>
    </div>
  </div>
</div>
`;
